[
    {
        "id": "testID",
        "url": "testURL",
        "name": "testName",
        "created_at":"2020-10-10T00:00:00Z"
    }
]